Archive member included to satisfy reference by file (symbol)

c:/program files (x86)/embitz/1.11/share/em_armgcc/bin/../lib/gcc/arm-none-eabi/5.4.1/armv7-m\libgcc.a(_arm_addsubdf3.o)
                              obj\debug\src\main.o (__aeabi_f2d)
c:/program files (x86)/embitz/1.11/share/em_armgcc/bin/../lib/gcc/arm-none-eabi/5.4.1/armv7-m\libgcc.a(_arm_addsubsf3.o)
                              obj\debug\src\main.o (__aeabi_ui2f)
c:/program files (x86)/embitz/1.11/share/em_armgcc/bin/../lib/gcc/arm-none-eabi/5.4.1/armv7-m\libgcc.a(_arm_muldivsf3.o)
                              obj\debug\src\main.o (__aeabi_fmul)
c:/program files (x86)/embitz/1.11/share/em_armgcc/bin/../lib/gcc/arm-none-eabi/5.4.1/armv7-m\libgcc.a(_aeabi_uldivmod.o)
                              obj\debug\spl\src\delay.o (__aeabi_uldivmod)
c:/program files (x86)/embitz/1.11/share/em_armgcc/bin/../lib/gcc/arm-none-eabi/5.4.1/armv7-m\libgcc.a(_udivmoddi4.o)
                              c:/program files (x86)/embitz/1.11/share/em_armgcc/bin/../lib/gcc/arm-none-eabi/5.4.1/armv7-m\libgcc.a(_aeabi_uldivmod.o) (__udivmoddi4)
c:/program files (x86)/embitz/1.11/share/em_armgcc/bin/../lib/gcc/arm-none-eabi/5.4.1/armv7-m\libgcc.a(_dvmd_tls.o)
                              c:/program files (x86)/embitz/1.11/share/em_armgcc/bin/../lib/gcc/arm-none-eabi/5.4.1/armv7-m\libgcc.a(_aeabi_uldivmod.o) (__aeabi_ldiv0)
c:/program files (x86)/embitz/1.11/share/em_armgcc/bin/../lib/gcc/arm-none-eabi/5.4.1/../../../../arm-none-eabi/lib/armv7-m\libg_n.a(lib_a-exit.o)
                              c:/program files (x86)/embitz/1.11/share/em_armgcc/bin/../lib/gcc/arm-none-eabi/5.4.1/../../../../arm-none-eabi/lib/armv7-m/crt0.o (exit)
c:/program files (x86)/embitz/1.11/share/em_armgcc/bin/../lib/gcc/arm-none-eabi/5.4.1/../../../../arm-none-eabi/lib/armv7-m\libg_n.a(lib_a-impure.o)
                              c:/program files (x86)/embitz/1.11/share/em_armgcc/bin/../lib/gcc/arm-none-eabi/5.4.1/../../../../arm-none-eabi/lib/armv7-m\libg_n.a(lib_a-exit.o) (_global_impure_ptr)
c:/program files (x86)/embitz/1.11/share/em_armgcc/bin/../lib/gcc/arm-none-eabi/5.4.1/../../../../arm-none-eabi/lib/armv7-m\libg_n.a(lib_a-init.o)
                              c:/program files (x86)/embitz/1.11/share/em_armgcc/bin/../lib/gcc/arm-none-eabi/5.4.1/../../../../arm-none-eabi/lib/armv7-m/crt0.o (__libc_init_array)
c:/program files (x86)/embitz/1.11/share/em_armgcc/bin/../lib/gcc/arm-none-eabi/5.4.1/../../../../arm-none-eabi/lib/armv7-m\libg_n.a(lib_a-memset.o)
                              c:/program files (x86)/embitz/1.11/share/em_armgcc/bin/../lib/gcc/arm-none-eabi/5.4.1/../../../../arm-none-eabi/lib/armv7-m/crt0.o (memset)
c:/program files (x86)/embitz/1.11/share/em_armgcc/bin/../lib/gcc/arm-none-eabi/5.4.1/../../../../arm-none-eabi/lib/armv7-m\libg_n.a(lib_a-nano-vfprintf_float.o)
                              (_printf_float)
c:/program files (x86)/embitz/1.11/share/em_armgcc/bin/../lib/gcc/arm-none-eabi/5.4.1/../../../../arm-none-eabi/lib/armv7-m\libg_n.a(lib_a-nano-vfprintf_i.o)
                              c:/program files (x86)/embitz/1.11/share/em_armgcc/bin/../lib/gcc/arm-none-eabi/5.4.1/../../../../arm-none-eabi/lib/armv7-m\libg_n.a(lib_a-nano-vfprintf_float.o) (_printf_common)
c:/program files (x86)/embitz/1.11/share/em_armgcc/bin/../lib/gcc/arm-none-eabi/5.4.1/../../../../arm-none-eabi/lib/armv7-m\libg_n.a(lib_a-printf.o)
                              obj\debug\src\main.o (printf)
c:/program files (x86)/embitz/1.11/share/em_armgcc/bin/../lib/gcc/arm-none-eabi/5.4.1/../../../../arm-none-eabi/lib/armv7-m\libg_n.a(lib_a-strlen.o)
                              c:/program files (x86)/embitz/1.11/share/em_armgcc/bin/../lib/gcc/arm-none-eabi/5.4.1/../../../../arm-none-eabi/lib/armv7-m\libg_n.a(lib_a-nano-vfprintf_float.o) (strlen)
c:/program files (x86)/embitz/1.11/share/em_armgcc/bin/../lib/gcc/arm-none-eabi/5.4.1/../../../../arm-none-eabi/lib/armv7-m\libg_n.a(lib_a-dtoa.o)
                              c:/program files (x86)/embitz/1.11/share/em_armgcc/bin/../lib/gcc/arm-none-eabi/5.4.1/../../../../arm-none-eabi/lib/armv7-m\libg_n.a(lib_a-nano-vfprintf_float.o) (_dtoa_r)
c:/program files (x86)/embitz/1.11/share/em_armgcc/bin/../lib/gcc/arm-none-eabi/5.4.1/../../../../arm-none-eabi/lib/armv7-m\libg_n.a(lib_a-findfp.o)
                              c:/program files (x86)/embitz/1.11/share/em_armgcc/bin/../lib/gcc/arm-none-eabi/5.4.1/../../../../arm-none-eabi/lib/armv7-m\libg_n.a(lib_a-printf.o) (__sinit)
c:/program files (x86)/embitz/1.11/share/em_armgcc/bin/../lib/gcc/arm-none-eabi/5.4.1/../../../../arm-none-eabi/lib/armv7-m\libg_n.a(lib_a-fwalk.o)
                              c:/program files (x86)/embitz/1.11/share/em_armgcc/bin/../lib/gcc/arm-none-eabi/5.4.1/../../../../arm-none-eabi/lib/armv7-m\libg_n.a(lib_a-findfp.o) (_fwalk)
[...]
Memory Configuration

Name             Origin             Length             Attributes
ROM              0x08000000         0x00020000         xr
RAM              0x20000000         0x00005000         xrw
*default*        0x00000000         0xffffffff

Linker script and memory map

LOAD c:/program files (x86)/embitz/1.11/share/em_armgcc/bin/../lib/gcc/arm-none-eabi/5.4.1/armv7-m/crti.o
LOAD c:/program files (x86)/embitz/1.11/share/em_armgcc/bin/../lib/gcc/arm-none-eabi/5.4.1/armv7-m/crtbegin.o
LOAD c:/program files (x86)/embitz/1.11/share/em_armgcc/bin/../lib/gcc/arm-none-eabi/5.4.1/../../../../arm-none-eabi/lib/armv7-m/crt0.o
                0x00000000                __HEAP_SIZE = 0x0
                0x00000100                __STACK_SIZE = 0x100

.text           0x08000000     0x43c0
 *(.isr_vector)
 .isr_vector    0x08000000       0xec obj\debug\src\startup_stm32f10x_md.o
                0x08000000                __isr_vector
 *(.text*)
 .text          0x080000ec       0x5c c:/program files (x86)/embitz/1.11/share/em_armgcc/bin/../lib/gcc/arm-none-eabi/5.4.1/armv7-m/crtbegin.o
 .text          0x08000148       0x74 c:/program files (x86)/embitz/1.11/share/em_armgcc/bin/../lib/gcc/arm-none-eabi/5.4.1/../../../../arm-none-eabi/lib/armv7-m/crt0.o
                0x08000148                _start
                0x08000148                _mainCRTStartup
 .text.SysTick_Init
                0x080001bc       0x20 obj\debug\spl\src\delay.o
                0x080001bc                SysTick_Init
 .text.SysTick_Handler
                0x080001dc       0x1c obj\debug\spl\src\delay.o
                0x080001dc                SysTick_Handler
 .text.SysTick32
                0x080001f8       0x20 obj\debug\spl\src\delay.o
                0x080001f8                SysTick32
 .text.delay_us
                0x08000218       0x34 obj\debug\spl\src\delay.o
                0x08000218                delay_us
 .text.delay_ms
                0x0800024c       0x28 obj\debug\spl\src\delay.o
                0x0800024c                delay_ms
 .text.NVIC_EnableIRQ
                0x08000274       0x30 obj\debug\spl\src\driver_uart.o
 .text.UART1_Init_A9A10
                0x080002a4       0x8c obj\debug\spl\src\driver_uart.o
                0x080002a4                UART1_Init_A9A10
 .text._write   0x08000330       0x4c obj\debug\spl\src\driver_uart.o
                0x08000330                _write
 .text.USART1_IRQHandler
                0x0800037c       0x50 obj\debug\spl\src\driver_uart.o
                0x0800037c                USART1_IRQHandler
 .text.GPIO_Init
                0x080003cc      0x178 obj\debug\spl\src\stm32f10x_gpio.o
                0x080003cc                GPIO_Init
 .text.GPIO_ReadInputDataBit
                0x08000544       0x34 obj\debug\spl\src\stm32f10x_gpio.o
                0x08000544                GPIO_ReadInputDataBit
 .text.GPIO_SetBits
                0x08000578       0x1c obj\debug\spl\src\stm32f10x_gpio.o
                0x08000578                GPIO_SetBits
 .text.GPIO_ResetBits
                0x08000594       0x1c obj\debug\spl\src\stm32f10x_gpio.o
                0x08000594                GPIO_ResetBits
 .text.RCC_GetClocksFreq
                0x080005b0      0x160 obj\debug\spl\src\stm32f10x_rcc.o
                0x080005b0                RCC_GetClocksFreq
 .text.RCC_APB2PeriphClockCmd
                0x08000710       0x3c obj\debug\spl\src\stm32f10x_rcc.o
                0x08000710                RCC_APB2PeriphClockCmd
 .text.USART_Init
                0x0800074c      0x174 obj\debug\spl\src\stm32f10x_usart.o
                0x0800074c                USART_Init
 .text.USART_Cmd
                0x080008c0       0x40 obj\debug\spl\src\stm32f10x_usart.o
                0x080008c0                USART_Cmd
 .text.USART_ITConfig
                0x08000900       0x90 obj\debug\spl\src\stm32f10x_usart.o
                0x08000900                USART_ITConfig
 .text.USART_ReceiveData
                0x08000990       0x20 obj\debug\spl\src\stm32f10x_usart.o
                0x08000990                USART_ReceiveData
 .text.GPIO_ultra_sonnic_config
                0x080009b0       0x50 obj\debug\src\main.o
                0x080009b0                GPIO_ultra_sonnic_config
 .text.SRF05_Read_Data
                0x08000a00       0x90 obj\debug\src\main.o
                0x08000a00                SRF05_Read_Data
 .text.main     0x08000a90       0x38 obj\debug\src\main.o
                0x08000a90                main
 .text          0x08000ac8       0xb8 obj\debug\src\startup_stm32f10x_md.o
                0x08000ac8                Reset_Handler
                0x08000b0e                NMI_Handler
                0x08000b10                HardFault_Handler
                0x08000b12                MemManage_Handler
                0x08000b14                BusFault_Handler
                0x08000b16                UsageFault_Handler
                0x08000b18                SVC_Handler
                0x08000b1a                DebugMon_Handler
                0x08000b1c                PendSV_Handler
                0x08000b20                Default_Handler
                0x08000b22                WWDG_IRQHandler
                0x08000b24                PVD_IRQHandler
                0x08000b26                TAMPER_IRQHandler
                0x08000b28                RTC_IRQHandler
                0x08000b2a                FLASH_IRQHandler
                0x08000b2c                RCC_IRQHandler
                0x08000b2e                EXTI0_IRQHandler
                0x08000b30                EXTI1_IRQHandler
                0x08000b32                EXTI2_IRQHandler
                0x08000b34                EXTI3_IRQHandler
                0x08000b36                EXTI4_IRQHandler
                0x08000b38                DMA1_Channel1_IRQHandler
                0x08000b3a                DMA1_Channel2_IRQHandler
                0x08000b3c                DMA1_Channel3_IRQHandler
                0x08000b3e                DMA1_Channel4_IRQHandler
                0x08000b40                DMA1_Channel5_IRQHandler
                0x08000b42                DMA1_Channel6_IRQHandler
                0x08000b44                DMA1_Channel7_IRQHandler
                0x08000b46                ADC1_2_IRQHandler
                0x08000b48                USB_HP_CAN1_TX_IRQHandler
                0x08000b4a                USB_LP_CAN1_RX0_IRQHandler
                0x08000b4c                CAN1_RX1_IRQHandler
                0x08000b4e                CAN1_SCE_IRQHandler
                0x08000b50                EXTI9_5_IRQHandler
                0x08000b52                TIM1_BRK_IRQHandler
                0x08000b54                TIM1_UP_IRQHandler
                0x08000b56                TIM1_TRG_COM_IRQHandler
                0x08000b58                TIM1_CC_IRQHandler
                0x08000b5a                TIM2_IRQHandler
                0x08000b5c                TIM3_IRQHandler
                0x08000b5e                TIM4_IRQHandler
                0x08000b60                I2C1_EV_IRQHandler
                0x08000b62                I2C1_ER_IRQHandler
                0x08000b64                I2C2_EV_IRQHandler
                0x08000b66                I2C2_ER_IRQHandler
                0x08000b68                SPI1_IRQHandler
                0x08000b6a                SPI2_IRQHandler
                0x08000b6e                USART2_IRQHandler
                0x08000b70                USART3_IRQHandler
                0x08000b72                EXTI15_10_IRQHandler
                0x08000b74                RTCAlarm_IRQHandler
                0x08000b76                USBWakeUp_IRQHandler
 .text.SystemInit
                0x08000b80       0x68 obj\debug\src\system_stm32f10x.o
                0x08000b80                SystemInit
 .text.SetSysClock
                0x08000be8        0xc obj\debug\src\system_stm32f10x.o
 .text.SetSysClockTo72
                0x08000bf4      0x100 obj\debug\src\system_stm32f10x.o
 .text          0x08000cf4      0x370 c:/program files (x86)/embitz/1.11/share/em_armgcc/bin/../lib/gcc/arm-none-eabi/5.4.1/armv7-m\libgcc.a(_arm_addsubdf3.o)
                0x08000cf4                __aeabi_drsub
                0x08000cfc                __aeabi_dsub
                0x08000cfc                __subdf3
                0x08000d00                __aeabi_dadd
                0x08000d00                __adddf3
                0x08000f78                __floatunsidf
                0x08000f78                __aeabi_ui2d
                0x08000f98                __floatsidf
                0x08000f98                __aeabi_i2d
                0x08000fbc                __aeabi_f2d
                0x08000fbc                __extendsfdf2
                0x08000ff8                __floatundidf
                0x08000ff8                __aeabi_ul2d
                0x08001008                __floatdidf
                0x08001008                __aeabi_l2d
 .text          0x08001064      0x21c c:/program files (x86)/embitz/1.11/share/em_armgcc/bin/../lib/gcc/arm-none-eabi/5.4.1/armv7-m\libgcc.a(_arm_addsubsf3.o)
                0x08001064                __aeabi_frsub
                0x0800106c                __subsf3
                0x0800106c                __aeabi_fsub
                0x08001070                __aeabi_fadd
                0x08001070                __addsf3
                0x080011d0                __aeabi_ui2f
                0x080011d0                __floatunsisf
                0x080011d8                __aeabi_i2f
                0x080011d8                __floatsisf
                0x080011f4                __aeabi_ul2f
                0x080011f4                __floatundisf
                0x08001204                __aeabi_l2f
                0x08001204                __floatdisf
 .text          0x08001280      0x2a0 c:/program files (x86)/embitz/1.11/share/em_armgcc/bin/../lib/gcc/arm-none-eabi/5.4.1/armv7-m\libgcc.a(_arm_muldivsf3.o)
                0x08001280                __mulsf3
                0x08001280                __aeabi_fmul
                0x080013e8                __aeabi_fdiv
                0x080013e8                __divsf3
 .text.exit     0x08001520       0x28 c:/program files (x86)/embitz/1.11/share/em_armgcc/bin/../lib/gcc/arm-none-eabi/5.4.1/../../../../arm-none-eabi/lib/armv7-m\libg_n.a(lib_a-exit.o)
                0x08001520                exit
 .text.__libc_init_array
                0x08001548       0x4c c:/program files (x86)/embitz/1.11/share/em_armgcc/bin/../lib/gcc/arm-none-eabi/5.4.1/../../../../arm-none-eabi/lib/armv7-m\libg_n.a(lib_a-init.o)
                0x08001548                __libc_init_array
 .text.memset   0x08001594       0x10 c:/program files (x86)/embitz/1.11/share/em_armgcc/bin/../lib/gcc/arm-none-eabi/5.4.1/../../../../arm-none-eabi/lib/armv7-m\libg_n.a(lib_a-memset.o)
                0x08001594                memset
 .text.__cvt    0x080015a4       0xc0 c:/program files (x86)/embitz/1.11/share/em_armgcc/bin/../lib/gcc/arm-none-eabi/5.4.1/../../../../arm-none-eabi/lib/armv7-m\libg_n.a(lib_a-nano-vfprintf_float.o)
                0x080015a4                __cvt
 .text.__exponent
                0x08001664       0x62 c:/program files (x86)/embitz/1.11/share/em_armgcc/bin/../lib/gcc/arm-none-eabi/5.4.1/../../../../arm-none-eabi/lib/armv7-m\libg_n.a(lib_a-nano-vfprintf_float.o)
                0x08001664                __exponent
 *fill*         0x080016c6        0x2 
 .text._printf_float
                0x080016c8      0x488 c:/program files (x86)/embitz/1.11/share/em_armgcc/bin/../lib/gcc/arm-none-eabi/5.4.1/../../../../arm-none-eabi/lib/armv7-m\libg_n.a(lib_a-nano-vfprintf_float.o)
                0x080016c8                _printf_float
 .text._printf_common
                0x08001b50       0xec c:/program files (x86)/embitz/1.11/share/em_armgcc/bin/../lib/gcc/arm-none-eabi/5.4.1/../../../../arm-none-eabi/lib/armv7-m\libg_n.a(lib_a-nano-vfprintf_i.o)
                0x08001b50                _printf_common
 .text._printf_i
                0x08001c3c      0x24c c:/program files (x86)/embitz/1.11/share/em_armgcc/bin/../lib/gcc/arm-none-eabi/5.4.1/../../../../arm-none-eabi/lib/armv7-m\libg_n.a(lib_a-nano-vfprintf_i.o)
                0x08001c3c                _printf_i
 .text.printf   0x08001e88       0x30 c:/program files (x86)/embitz/1.11/share/em_armgcc/bin/../lib/gcc/arm-none-eabi/5.4.1/../../../../arm-none-eabi/lib/armv7-m\libg_n.a(lib_a-printf.o)
                0x08001e88                iprintf
                0x08001e88                printf
 .text          0x08001eb8       0x10 c:/program files (x86)/embitz/1.11/share/em_armgcc/bin/../lib/gcc/arm-none-eabi/5.4.1/../../../../arm-none-eabi/lib/armv7-m\libg_n.a(lib_a-strlen.o)
                0x08001eb8                strlen
 .text.quorem   0x08001ec8      0x116 c:/program files (x86)/embitz/1.11/share/em_armgcc/bin/../lib/gcc/arm-none-eabi/5.4.1/../../../../arm-none-eabi/lib/armv7-m\libg_n.a(lib_a-dtoa.o)
 *fill*         0x08001fde        0x2 
 .text._dtoa_r  0x08001fe0      0xb30 c:/program files (x86)/embitz/1.11/share/em_armgcc/bin/../lib/gcc/arm-none-eabi/5.4.1/../../../../arm-none-eabi/lib/armv7-m\libg_n.a(lib_a-dtoa.o)
                0x08001fe0                _dtoa_r
 .text._cleanup_r
                0x08002b10        0xc c:/program files (x86)/embitz/1.11/share/em_armgcc/bin/../lib/gcc/arm-none-eabi/5.4.1/../../../../arm-none-eabi/lib/armv7-m\libg_n.a(lib_a-findfp.o)
                0x08002b10                _cleanup_r
 .text.std.isra.0
                0x08002b1c       0x48 c:/program files (x86)/embitz/1.11/share/em_armgcc/bin/../lib/gcc/arm-none-eabi/5.4.1/../../../../arm-none-eabi/lib/armv7-m\libg_n.a(lib_a-findfp.o)
 .text.__sfmoreglue
                0x08002b64       0x2c c:/program files (x86)/embitz/1.11/share/em_armgcc/bin/../lib/gcc/arm-none-eabi/5.4.1/../../../../arm-none-eabi/lib/armv7-m\libg_n.a(lib_a-findfp.o)
                0x08002b64                __sfmoreglue
 .text.__sinit  0x08002b90       0x60 c:/program files (x86)/embitz/1.11/share/em_armgcc/bin/../lib/gcc/arm-none-eabi/5.4.1/../../../../arm-none-eabi/lib/armv7-m\libg_n.a(lib_a-findfp.o)
                0x08002b90                __sinit
 .text.__sfp    0x08002bf0       0x78 c:/program files (x86)/embitz/1.11/share/em_armgcc/bin/../lib/gcc/arm-none-eabi/5.4.1/../../../../arm-none-eabi/lib/armv7-m\libg_n.a(lib_a-findfp.o)
                0x08002bf0                __sfp
 .text._fwalk_reent
                0x08002c68       0x3c c:/program files (x86)/embitz/1.11/share/em_armgcc/bin/../lib/gcc/arm-none-eabi/5.4.1/../../../../arm-none-eabi/lib/armv7-m\libg_n.a(lib_a-fwalk.o)
                0x08002c68                _fwalk_reent
 .text._localeconv_r
                0x08002ca4        0x8 c:/program files (x86)/embitz/1.11/share/em_armgcc/bin/../lib/gcc/arm-none-eabi/5.4.1/../../../../arm-none-eabi/lib/armv7-m\libg_n.a(lib_a-locale.o)
                0x08002ca4                _localeconv_r
 .text.malloc   0x08002cac       0x10 c:/program files (x86)/embitz/1.11/share/em_armgcc/bin/../lib/gcc/arm-none-eabi/5.4.1/../../../../arm-none-eabi/lib/armv7-m\libg_n.a(lib_a-malloc.o)
                0x08002cac                malloc
 .text.memchr   0x08002cbc       0x1c c:/program files (x86)/embitz/1.11/share/em_armgcc/bin/../lib/gcc/arm-none-eabi/5.4.1/../../../../arm-none-eabi/lib/armv7-m\libg_n.a(lib_a-memchr-stub.o)
                0x08002cbc                memchr
 .text.memcpy   0x08002cd8       0x16 c:/program files (x86)/embitz/1.11/share/em_armgcc/bin/../lib/gcc/arm-none-eabi/5.4.1/../../../../arm-none-eabi/lib/armv7-m\libg_n.a(lib_a-memcpy-stub.o)
                0x08002cd8                memcpy
 .text._Balloc  0x08002cee       0x6a c:/program files (x86)/embitz/1.11/share/em_armgcc/bin/../lib/gcc/arm-none-eabi/5.4.1/../../../../arm-none-eabi/lib/armv7-m\libg_n.a(lib_a-mprec.o)
                0x08002cee                _Balloc
 .text._Bfree   0x08002d58       0x2e c:/program files (x86)/embitz/1.11/share/em_armgcc/bin/../lib/gcc/arm-none-eabi/5.4.1/../../../../arm-none-eabi/lib/armv7-m\libg_n.a(lib_a-mprec.o)
                0x08002d58                _Bfree
 .text.__multadd
                0x08002d86       0x76 c:/program files (x86)/embitz/1.11/share/em_armgcc/bin/../lib/gcc/arm-none-eabi/5.4.1/../../../../arm-none-eabi/lib/armv7-m\libg_n.a(lib_a-mprec.o)
                0x08002d86                __multadd
 .text.__hi0bits
                0x08002dfc       0x40 c:/program files (x86)/embitz/1.11/share/em_armgcc/bin/../lib/gcc/arm-none-eabi/5.4.1/../../../../arm-none-eabi/lib/armv7-m\libg_n.a(lib_a-mprec.o)
                0x08002dfc                __hi0bits
 .text.__lo0bits
                0x08002e3c       0x5a c:/program files (x86)/embitz/1.11/share/em_armgcc/bin/../lib/gcc/arm-none-eabi/5.4.1/../../../../arm-none-eabi/lib/armv7-m\libg_n.a(lib_a-mprec.o)
                0x08002e3c                __lo0bits
 .text.__i2b    0x08002e96       0x12 c:/program files (x86)/embitz/1.11/share/em_armgcc/bin/../lib/gcc/arm-none-eabi/5.4.1/../../../../arm-none-eabi/lib/armv7-m\libg_n.a(lib_a-mprec.o)
                0x08002e96                __i2b
 .text.__multiply
                0x08002ea8      0x120 c:/program files (x86)/embitz/1.11/share/em_armgcc/bin/../lib/gcc/arm-none-eabi/5.4.1/../../../../arm-none-eabi/lib/armv7-m\libg_n.a(lib_a-mprec.o)
                0x08002ea8                __multiply
 .text.__pow5mult
                0x08002fc8       0x9c c:/program files (x86)/embitz/1.11/share/em_armgcc/bin/../lib/gcc/arm-none-eabi/5.4.1/../../../../arm-none-eabi/lib/armv7-m\libg_n.a(lib_a-mprec.o)
                0x08002fc8                __pow5mult
 .text.__lshift
                0x08003064       0xa2 c:/program files (x86)/embitz/1.11/share/em_armgcc/bin/../lib/gcc/arm-none-eabi/5.4.1/../../../../arm-none-eabi/lib/armv7-m\libg_n.a(lib_a-mprec.o)
                0x08003064                __lshift
 .text.__mcmp   0x08003106       0x38 c:/program files (x86)/embitz/1.11/share/em_armgcc/bin/../lib/gcc/arm-none-eabi/5.4.1/../../../../arm-none-eabi/lib/armv7-m\libg_n.a(lib_a-mprec.o)
                0x08003106                __mcmp
 .text.__mdiff  0x0800313e       0xbe c:/program files (x86)/embitz/1.11/share/em_armgcc/bin/../lib/gcc/arm-none-eabi/5.4.1/../../../../arm-none-eabi/lib/armv7-m\libg_n.a(lib_a-mprec.o)
                0x0800313e                __mdiff
 .text.__d2b    0x080031fc       0x9c c:/program files (x86)/embitz/1.11/share/em_armgcc/bin/../lib/gcc/arm-none-eabi/5.4.1/../../../../arm-none-eabi/lib/armv7-m\libg_n.a(lib_a-mprec.o)
                0x080031fc                __d2b
 .text._calloc_r
                0x08003298       0x1c c:/program files (x86)/embitz/1.11/share/em_armgcc/bin/../lib/gcc/arm-none-eabi/5.4.1/../../../../arm-none-eabi/lib/armv7-m\libg_n.a(lib_a-nano-callocr.o)
                0x08003298                _calloc_r
 .text._free_r  0x080032b4       0x98 c:/program files (x86)/embitz/1.11/share/em_armgcc/bin/../lib/gcc/arm-none-eabi/5.4.1/../../../../arm-none-eabi/lib/armv7-m\libg_n.a(lib_a-nano-freer.o)
                0x080032b4                _free_r
 .text._malloc_r
                0x0800334c       0xbc c:/program files (x86)/embitz/1.11/share/em_armgcc/bin/../lib/gcc/arm-none-eabi/5.4.1/../../../../arm-none-eabi/lib/armv7-m\libg_n.a(lib_a-nano-mallocr.o)
                0x0800334c                _malloc_r
 .text.__sfputc_r
                0x08003408       0x2c c:/program files (x86)/embitz/1.11/share/em_armgcc/bin/../lib/gcc/arm-none-eabi/5.4.1/../../../../arm-none-eabi/lib/armv7-m\libg_n.a(lib_a-nano-vfprintf.o)
 .text.__sfputs_r
                0x08003434       0x24 c:/program files (x86)/embitz/1.11/share/em_armgcc/bin/../lib/gcc/arm-none-eabi/5.4.1/../../../../arm-none-eabi/lib/armv7-m\libg_n.a(lib_a-nano-vfprintf.o)
                0x08003434                __sfputs_r
 .text._vfprintf_r
                0x08003458      0x238 c:/program files (x86)/embitz/1.11/share/em_armgcc/bin/../lib/gcc/arm-none-eabi/5.4.1/../../../../arm-none-eabi/lib/armv7-m\libg_n.a(lib_a-nano-vfprintf.o)
                0x08003458                _vfprintf_r
                0x08003458                _vfiprintf_r
 .text._sbrk_r  0x08003690       0x20 c:/program files (x86)/embitz/1.11/share/em_armgcc/bin/../lib/gcc/arm-none-eabi/5.4.1/../../../../arm-none-eabi/lib/armv7-m\libg_n.a(lib_a-sbrkr.o)
                0x08003690                _sbrk_r
 .text.__sread  0x080036b0       0x22 c:/program files (x86)/embitz/1.11/share/em_armgcc/bin/../lib/gcc/arm-none-eabi/5.4.1/../../../../arm-none-eabi/lib/armv7-m\libg_n.a(lib_a-stdio.o)
                0x080036b0                __sread
 .text.__swrite
                0x080036d2       0x38 c:/program files (x86)/embitz/1.11/share/em_armgcc/bin/../lib/gcc/arm-none-eabi/5.4.1/../../../../arm-none-eabi/lib/armv7-m\libg_n.a(lib_a-stdio.o)
                0x080036d2                __swrite
 .text.__sseek  0x0800370a       0x24 c:/program files (x86)/embitz/1.11/share/em_armgcc/bin/../lib/gcc/arm-none-eabi/5.4.1/../../../../arm-none-eabi/lib/armv7-m\libg_n.a(lib_a-stdio.o)
                0x0800370a                __sseek
 .text.__sclose
                0x0800372e        0x8 c:/program files (x86)/embitz/1.11/share/em_armgcc/bin/../lib/gcc/arm-none-eabi/5.4.1/../../../../arm-none-eabi/lib/armv7-m\libg_n.a(lib_a-stdio.o)
                0x0800372e                __sclose
 *fill*         0x08003736        0x2 
 .text.__swbuf_r
                0x08003738       0xa8 c:/program files (x86)/embitz/1.11/share/em_armgcc/bin/../lib/gcc/arm-none-eabi/5.4.1/../../../../arm-none-eabi/lib/armv7-m\libg_n.a(lib_a-wbuf.o)
                0x08003738                __swbuf_r
 .text._write_r
                0x080037e0       0x24 c:/program files (x86)/embitz/1.11/share/em_armgcc/bin/../lib/gcc/arm-none-eabi/5.4.1/../../../../arm-none-eabi/lib/armv7-m\libg_n.a(lib_a-writer.o)
                0x080037e0                _write_r
 .text.__swsetup_r
                0x08003804       0xdc c:/program files (x86)/embitz/1.11/share/em_armgcc/bin/../lib/gcc/arm-none-eabi/5.4.1/../../../../arm-none-eabi/lib/armv7-m\libg_n.a(lib_a-wsetup.o)
                0x08003804                __swsetup_r
 .text._close_r
                0x080038e0       0x20 c:/program files (x86)/embitz/1.11/share/em_armgcc/bin/../lib/gcc/arm-none-eabi/5.4.1/../../../../arm-none-eabi/lib/armv7-m\libg_n.a(lib_a-closer.o)
                0x080038e0                _close_r
 .text.__sflush_r
                0x08003900      0x10c c:/program files (x86)/embitz/1.11/share/em_armgcc/bin/../lib/gcc/arm-none-eabi/5.4.1/../../../../arm-none-eabi/lib/armv7-m\libg_n.a(lib_a-fflush.o)
                0x08003900                __sflush_r
 .text._fflush_r
                0x08003a0c       0x54 c:/program files (x86)/embitz/1.11/share/em_armgcc/bin/../lib/gcc/arm-none-eabi/5.4.1/../../../../arm-none-eabi/lib/armv7-m\libg_n.a(lib_a-fflush.o)
                0x08003a0c                _fflush_r
 .text._lseek_r
                0x08003a60       0x24 c:/program files (x86)/embitz/1.11/share/em_armgcc/bin/../lib/gcc/arm-none-eabi/5.4.1/../../../../arm-none-eabi/lib/armv7-m\libg_n.a(lib_a-lseekr.o)
                0x08003a60                _lseek_r
 .text.__swhatbuf_r
                0x08003a84       0x46 c:/program files (x86)/embitz/1.11/share/em_armgcc/bin/../lib/gcc/arm-none-eabi/5.4.1/../../../../arm-none-eabi/lib/armv7-m\libg_n.a(lib_a-makebuf.o)
                0x08003a84                __swhatbuf_r
 *fill*         0x08003aca        0x2 
 .text.__smakebuf_r
                0x08003acc       0x78 c:/program files (x86)/embitz/1.11/share/em_armgcc/bin/../lib/gcc/arm-none-eabi/5.4.1/../../../../arm-none-eabi/lib/armv7-m\libg_n.a(lib_a-makebuf.o)
                0x08003acc                __smakebuf_r
 .text.__malloc_lock
                0x08003b44        0x2 c:/program files (x86)/embitz/1.11/share/em_armgcc/bin/../lib/gcc/arm-none-eabi/5.4.1/../../../../arm-none-eabi/lib/armv7-m\libg_n.a(lib_a-mlock.o)
                0x08003b44                __malloc_lock
 .text.__malloc_unlock
                0x08003b46        0x2 c:/program files (x86)/embitz/1.11/share/em_armgcc/bin/../lib/gcc/arm-none-eabi/5.4.1/../../../../arm-none-eabi/lib/armv7-m\libg_n.a(lib_a-mlock.o)
                0x08003b46                __malloc_unlock
 .text._read_r  0x08003b48       0x24 c:/program files (x86)/embitz/1.11/share/em_armgcc/bin/../lib/gcc/arm-none-eabi/5.4.1/../../../../arm-none-eabi/lib/armv7-m\libg_n.a(lib_a-readr.o)
                0x08003b48                _read_r
 .text._fstat_r
                0x08003b6c       0x24 c:/program files (x86)/embitz/1.11/share/em_armgcc/bin/../lib/gcc/arm-none-eabi/5.4.1/../../../../arm-none-eabi/lib/armv7-m\libg_n.a(lib_a-fstatr.o)
                0x08003b6c                _fstat_r
 .text._isatty_r
                0x08003b90       0x20 c:/program files (x86)/embitz/1.11/share/em_armgcc/bin/../lib/gcc/arm-none-eabi/5.4.1/../../../../arm-none-eabi/lib/armv7-m\libg_n.a(lib_a-isattyr.o)
                0x08003b90                _isatty_r
 .text          0x08003bb0      0x424 c:/program files (x86)/embitz/1.11/share/em_armgcc/bin/../lib/gcc/arm-none-eabi/5.4.1/armv7-m\libgcc.a(_arm_muldivdf3.o)
                0x08003bb0                __aeabi_dmul
                0x08003bb0                __muldf3
                0x08003e04                __divdf3
                0x08003e04                __aeabi_ddiv
 .text          0x08003fd4      0x110 c:/program files (x86)/embitz/1.11/share/em_armgcc/bin/../lib/gcc/arm-none-eabi/5.4.1/armv7-m\libgcc.a(_arm_cmpdf2.o)
                0x08003fd4                __gtdf2
                0x08003fd4                __gedf2
                0x08003fdc                __ltdf2
                0x08003fdc                __ledf2
                0x08003fe4                __nedf2
                0x08003fe4                __eqdf2
                0x08003fe4                __cmpdf2
                0x08004060                __aeabi_cdrcmple
                0x08004070                __aeabi_cdcmpeq
                0x08004070                __aeabi_cdcmple
                0x08004080                __aeabi_dcmpeq
                0x08004094                __aeabi_dcmplt
                0x080040a8                __aeabi_dcmple
                0x080040bc                __aeabi_dcmpge
                0x080040d0                __aeabi_dcmpgt
 .text          0x080040e4       0x2c c:/program files (x86)/embitz/1.11/share/em_armgcc/bin/../lib/gcc/arm-none-eabi/5.4.1/armv7-m\libgcc.a(_arm_unorddf2.o)
                0x080040e4                __unorddf2
                0x080040e4                __aeabi_dcmpun
 .text          0x08004110       0x50 c:/program files (x86)/embitz/1.11/share/em_armgcc/bin/../lib/gcc/arm-none-eabi/5.4.1/armv7-m\libgcc.a(_arm_fixdfsi.o)
                0x08004110                __aeabi_d2iz
                0x08004110                __fixdfsi
 .text._close   0x08004160       0x10 c:/program files (x86)/embitz/1.11/share/em_armgcc/bin/../lib/gcc/arm-none-eabi/5.4.1/../../../../arm-none-eabi/lib/armv7-m\libnosys_s.a(close.o)
                0x08004160                _close
 .text._fstat   0x08004170       0x10 c:/program files (x86)/embitz/1.11/share/em_armgcc/bin/../lib/gcc/arm-none-eabi/5.4.1/../../../../arm-none-eabi/lib/armv7-m\libnosys_s.a(fstat.o)
                0x08004170                _fstat
 .text._isatty  0x08004180       0x10 c:/program files (x86)/embitz/1.11/share/em_armgcc/bin/../lib/gcc/arm-none-eabi/5.4.1/../../../../arm-none-eabi/lib/armv7-m\libnosys_s.a(isatty.o)
                0x08004180                _isatty
 .text._lseek   0x08004190       0x10 c:/program files (x86)/embitz/1.11/share/em_armgcc/bin/../lib/gcc/arm-none-eabi/5.4.1/../../../../arm-none-eabi/lib/armv7-m\libnosys_s.a(lseek.o)
                0x08004190                _lseek
 .text._read    0x080041a0       0x10 c:/program files (x86)/embitz/1.11/share/em_armgcc/bin/../lib/gcc/arm-none-eabi/5.4.1/../../../../arm-none-eabi/lib/armv7-m\libnosys_s.a(read.o)
                0x080041a0                _read
 .text._sbrk    0x080041b0       0x1c c:/program files (x86)/embitz/1.11/share/em_armgcc/bin/../lib/gcc/arm-none-eabi/5.4.1/../../../../arm-none-eabi/lib/armv7-m\libnosys_s.a(sbrk.o)
                0x080041b0                _sbrk
 .text._exit    0x080041cc        0x2 c:/program files (x86)/embitz/1.11/share/em_armgcc/bin/../lib/gcc/arm-none-eabi/5.4.1/../../../../arm-none-eabi/lib/armv7-m\libnosys_s.a(_exit.o)
                0x080041cc                _exit
 *(.init)
 *fill*         0x080041ce        0x2 
 .init          0x080041d0        0x4 c:/program files (x86)/embitz/1.11/share/em_armgcc/bin/../lib/gcc/arm-none-eabi/5.4.1/armv7-m/crti.o
                0x080041d0                _init
 .init          0x080041d4        0x8 c:/program files (x86)/embitz/1.11/share/em_armgcc/bin/../lib/gcc/arm-none-eabi/5.4.1/armv7-m/crtn.o
 *(.fini)
 .fini          0x080041dc        0x4 c:/program files (x86)/embitz/1.11/share/em_armgcc/bin/../lib/gcc/arm-none-eabi/5.4.1/armv7-m/crti.o
                0x080041dc                _fini
 .fini          0x080041e0        0x8 c:/program files (x86)/embitz/1.11/share/em_armgcc/bin/../lib/gcc/arm-none-eabi/5.4.1/armv7-m/crtn.o
 *crtbegin.o(.ctors)
 *crtbegin?.o(.ctors)
 *(EXCLUDE_FILE(*crtend.o *crtend?.o) .ctors)
 *(SORT(.ctors.*))
 *(.ctors)
 *crtbegin.o(.dtors)
 *crtbegin?.o(.dtors)
 *(EXCLUDE_FILE(*crtend.o *crtend?.o) .dtors)
 *(SORT(.dtors.*))
 *(.dtors)
 *(.rodata*)
 .rodata        0x080041e8        0x8 obj\debug\src\main.o
 .rodata.str1.1
                0x080041f0        0x2 c:/program files (x86)/embitz/1.11/share/em_armgcc/bin/../lib/gcc/arm-none-eabi/5.4.1/../../../../arm-none-eabi/lib/armv7-m\libg_n.a(lib_a-impure.o)
 *fill*         0x080041f2        0x2 
 .rodata._global_impure_ptr
                0x080041f4        0x4 c:/program files (x86)/embitz/1.11/share/em_armgcc/bin/../lib/gcc/arm-none-eabi/5.4.1/../../../../arm-none-eabi/lib/armv7-m\libg_n.a(lib_a-impure.o)
                0x080041f4                _global_impure_ptr
 .rodata.str1.1
                0x080041f8       0x12 c:/program files (x86)/embitz/1.11/share/em_armgcc/bin/../lib/gcc/arm-none-eabi/5.4.1/../../../../arm-none-eabi/lib/armv7-m\libg_n.a(lib_a-nano-vfprintf_float.o)
 .rodata.str1.1
                0x0800420a       0x22 c:/program files (x86)/embitz/1.11/share/em_armgcc/bin/../lib/gcc/arm-none-eabi/5.4.1/../../../../arm-none-eabi/lib/armv7-m\libg_n.a(lib_a-nano-vfprintf_i.o)
 .rodata.str1.1
                0x0800422c        0xd c:/program files (x86)/embitz/1.11/share/em_armgcc/bin/../lib/gcc/arm-none-eabi/5.4.1/../../../../arm-none-eabi/lib/armv7-m\libg_n.a(lib_a-dtoa.o)
                                  0xf (size before relaxing)
 *fill*         0x08004239        0x3 
 .rodata.__sf_fake_stdin
                0x0800423c       0x20 c:/program files (x86)/embitz/1.11/share/em_armgcc/bin/../lib/gcc/arm-none-eabi/5.4.1/../../../../arm-none-eabi/lib/armv7-m\libg_n.a(lib_a-findfp.o)
                0x0800423c                __sf_fake_stdin
 .rodata.__sf_fake_stdout
                0x0800425c       0x20 c:/program files (x86)/embitz/1.11/share/em_armgcc/bin/../lib/gcc/arm-none-eabi/5.4.1/../../../../arm-none-eabi/lib/armv7-m\libg_n.a(lib_a-findfp.o)
                0x0800425c                __sf_fake_stdout
 .rodata.__sf_fake_stderr
                0x0800427c       0x20 c:/program files (x86)/embitz/1.11/share/em_armgcc/bin/../lib/gcc/arm-none-eabi/5.4.1/../../../../arm-none-eabi/lib/armv7-m\libg_n.a(lib_a-findfp.o)
                0x0800427c                __sf_fake_stderr
 .rodata.str1.1
                0x0800429c        0x8 c:/program files (x86)/embitz/1.11/share/em_armgcc/bin/../lib/gcc/arm-none-eabi/5.4.1/../../../../arm-none-eabi/lib/armv7-m\libg_n.a(lib_a-locale.o)
                                  0xb (size before relaxing)
 *fill*         0x080042a4        0x4 
 .rodata.__mprec_tens
                0x080042a8       0xc8 c:/program files (x86)/embitz/1.11/share/em_armgcc/bin/../lib/gcc/arm-none-eabi/5.4.1/../../../../arm-none-eabi/lib/armv7-m\libg_n.a(lib_a-mprec.o)
                0x080042a8                __mprec_tens
 .rodata.p05.5408
                0x08004370        0xc c:/program files (x86)/embitz/1.11/share/em_armgcc/bin/../lib/gcc/arm-none-eabi/5.4.1/../../../../arm-none-eabi/lib/armv7-m\libg_n.a(lib_a-mprec.o)
 *fill*         0x0800437c        0x4 
 .rodata.__mprec_bigtens
                0x08004380       0x28 c:/program files (x86)/embitz/1.11/share/em_armgcc/bin/../lib/gcc/arm-none-eabi/5.4.1/../../../../arm-none-eabi/lib/armv7-m\libg_n.a(lib_a-mprec.o)
                0x08004380                __mprec_bigtens
 .rodata.str1.1
                0x080043a8       0x11 c:/program files (x86)/embitz/1.11/share/em_armgcc/bin/../lib/gcc/arm-none-eabi/5.4.1/../../../../arm-none-eabi/lib/armv7-m\libg_n.a(lib_a-nano-vfprintf.o)
 *(.eh_frame*)
 *fill*         0x080043b9        0x3 
 .eh_frame      0x080043bc        0x0 c:/program files (x86)/embitz/1.11/share/em_armgcc/bin/../lib/gcc/arm-none-eabi/5.4.1/armv7-m/crtbegin.o
 .eh_frame      0x080043bc        0x4 c:/program files (x86)/embitz/1.11/share/em_armgcc/bin/../lib/gcc/arm-none-eabi/5.4.1/armv7-m/crtend.o

.glue_7         0x080043c0        0x0
 .glue_7        0x080043c0        0x0 linker stubs

.glue_7t        0x080043c0        0x0
 .glue_7t       0x080043c0        0x0 linker stubs

.vfp11_veneer   0x080043c0        0x0
 .vfp11_veneer  0x080043c0        0x0 linker stubs

.v4_bx          0x080043c0        0x0
 .v4_bx         0x080043c0        0x0 linker stubs

.iplt           0x080043c0        0x0
 .iplt          0x080043c0        0x0 c:/program files (x86)/embitz/1.11/share/em_armgcc/bin/../lib/gcc/arm-none-eabi/5.4.1/armv7-m/crtbegin.o

.ARM.extab
 *(.ARM.extab* .gnu.linkonce.armextab.*)
                0x080043c0                __exidx_start = .

.ARM.exidx      0x080043c0        0x8
 *(.ARM.exidx* .gnu.linkonce.armexidx.*)
 .ARM.exidx     0x080043c0        0x8 c:/program files (x86)/embitz/1.11/share/em_armgcc/bin/../lib/gcc/arm-none-eabi/5.4.1/../../../../arm-none-eabi/lib/armv7-m/crt0.o
                0x080043c8                __exidx_end = .
                0x080043c8                __etext = .

.rel.dyn        0x080043c8        0x0
 .rel.iplt      0x080043c8        0x0 c:/program files (x86)/embitz/1.11/share/em_armgcc/bin/../lib/gcc/arm-none-eabi/5.4.1/armv7-m/crtbegin.o

.data           0x20000000       0xbc load address 0x080043c8
                0x20000000                __data_start__ = .
 *(vtable)
 *(.data*)
 .data.SysTickCounter
                0x20000000        0x4 obj\debug\spl\src\delay.o
                0x20000000                SysTickCounter
 .data.APBAHBPrescTable
                0x20000004       0x10 obj\debug\spl\src\stm32f10x_rcc.o
 .data.ADCPrescTable
                0x20000014        0x4 obj\debug\spl\src\stm32f10x_rcc.o
 .data.impure_data
                0x20000018       0x60 c:/program files (x86)/embitz/1.11/share/em_armgcc/bin/../lib/gcc/arm-none-eabi/5.4.1/../../../../arm-none-eabi/lib/armv7-m\libg_n.a(lib_a-impure.o)
 .data._impure_ptr
                0x20000078        0x4 c:/program files (x86)/embitz/1.11/share/em_armgcc/bin/../lib/gcc/arm-none-eabi/5.4.1/../../../../arm-none-eabi/lib/armv7-m\libg_n.a(lib_a-impure.o)
                0x20000078                _impure_ptr
 .data.lconv    0x2000007c       0x38 c:/program files (x86)/embitz/1.11/share/em_armgcc/bin/../lib/gcc/arm-none-eabi/5.4.1/../../../../arm-none-eabi/lib/armv7-m\libg_n.a(lib_a-locale.o)
                0x200000b4                . = ALIGN (0x4)
                0x200000b4                PROVIDE (__preinit_array_start, .)
 *(.preinit_array)
                0x200000b4                PROVIDE (__preinit_array_end, .)
                0x200000b4                . = ALIGN (0x4)
                0x200000b4                PROVIDE (__init_array_start, .)
 *(SORT(.init_array.*))
 *(.init_array)
 .init_array    0x200000b4        0x4 c:/program files (x86)/embitz/1.11/share/em_armgcc/bin/../lib/gcc/arm-none-eabi/5.4.1/armv7-m/crtbegin.o
                0x200000b8                PROVIDE (__init_array_end, .)
                0x200000b8                . = ALIGN (0x4)
                [!provide]                PROVIDE (__fini_array_start, .)
 *(SORT(.fini_array.*))
 *(.fini_array)
 .fini_array    0x200000b8        0x4 c:/program files (x86)/embitz/1.11/share/em_armgcc/bin/../lib/gcc/arm-none-eabi/5.4.1/armv7-m/crtbegin.o
                [!provide]                PROVIDE (__fini_array_end, .)
                0x200000bc                . = ALIGN (0x4)
                0x200000bc                __data_end__ = .

.jcr            0x200000bc        0x0 load address 0x08004484
 .jcr           0x200000bc        0x0 c:/program files (x86)/embitz/1.11/share/em_armgcc/bin/../lib/gcc/arm-none-eabi/5.4.1/armv7-m/crtbegin.o

.igot.plt       0x200000bc        0x0 load address 0x08004484
 .igot.plt      0x200000bc        0x0 c:/program files (x86)/embitz/1.11/share/em_armgcc/bin/../lib/gcc/arm-none-eabi/5.4.1/armv7-m/crtbegin.o

.bss            0x200000bc      0x144 load address 0x08004484
                0x200000bc                __bss_start__ = .
 *(.bss*)
 .bss           0x200000bc       0x1c c:/program files (x86)/embitz/1.11/share/em_armgcc/bin/../lib/gcc/arm-none-eabi/5.4.1/armv7-m/crtbegin.o
 .bss._rx_buffer_head
                0x200000d8        0x4 obj\debug\spl\src\driver_uart.o
 .bss.__malloc_sbrk_start
                0x200000dc        0x4 c:/program files (x86)/embitz/1.11/share/em_armgcc/bin/../lib/gcc/arm-none-eabi/5.4.1/../../../../arm-none-eabi/lib/armv7-m\libg_n.a(lib_a-nano-mallocr.o)
                0x200000dc                __malloc_sbrk_start
 .bss.__malloc_free_list
                0x200000e0        0x4 c:/program files (x86)/embitz/1.11/share/em_armgcc/bin/../lib/gcc/arm-none-eabi/5.4.1/../../../../arm-none-eabi/lib/armv7-m\libg_n.a(lib_a-nano-mallocr.o)
                0x200000e0                __malloc_free_list
 .bss.heap_end.4167
                0x200000e4        0x4 c:/program files (x86)/embitz/1.11/share/em_armgcc/bin/../lib/gcc/arm-none-eabi/5.4.1/../../../../arm-none-eabi/lib/armv7-m\libnosys_s.a(sbrk.o)
 *(COMMON)
 COMMON         0x200000e8      0x114 obj\debug\spl\src\driver_uart.o
                0x200000e8                _rx_buffer
                0x200001e8                GPIO_InitStructure
                0x200001ec                USART_InitStructure
 COMMON         0x200001fc        0x4 c:/program files (x86)/embitz/1.11/share/em_armgcc/bin/../lib/gcc/arm-none-eabi/5.4.1/../../../../arm-none-eabi/lib/armv7-m\libg_n.a(lib_a-reent.o)
                0x200001fc                errno
                0x20000200                __bss_end__ = .

.heap           0x20000200        0x0
                0x20000200                __end__ = .
                0x20000200                end = __end__
 *(.heap*)
 .heap          0x20000200        0x0 obj\debug\src\startup_stm32f10x_md.o
                0x20000200                __HeapLimit = .

.stack_dummy    0x20000200      0x100
 *(.stack)
 .stack         0x20000200      0x100 obj\debug\src\startup_stm32f10x_md.o
                0x20005000                __StackTop = (ORIGIN (RAM) + LENGTH (RAM))
                0x20004f00                __StackLimit = (__StackTop - SIZEOF (.stack_dummy))
                0x20005000                PROVIDE (__stack, __StackTop)
                0x00000001                ASSERT ((__StackLimit >= __HeapLimit), region RAM overflowed with stack)
LOAD obj\debug\spl\src\delay.o
LOAD obj\debug\spl\src\driver_uart.o
LOAD obj\debug\spl\src\misc.o
LOAD obj\debug\spl\src\stm32f10x_adc.o
LOAD obj\debug\spl\src\stm32f10x_bkp.o
LOAD obj\debug\spl\src\stm32f10x_can.o
LOAD obj\debug\spl\src\stm32f10x_cec.o
LOAD obj\debug\spl\src\stm32f10x_crc.o
LOAD obj\debug\spl\src\stm32f10x_dac.o
LOAD obj\debug\spl\src\stm32f10x_dbgmcu.o
LOAD obj\debug\spl\src\stm32f10x_dma.o
LOAD obj\debug\spl\src\stm32f10x_exti.o
LOAD obj\debug\spl\src\stm32f10x_flash.o
LOAD obj\debug\spl\src\stm32f10x_fsmc.o
LOAD obj\debug\spl\src\stm32f10x_gpio.o
LOAD obj\debug\spl\src\stm32f10x_i2c.o
LOAD obj\debug\spl\src\stm32f10x_iwdg.o
LOAD obj\debug\spl\src\stm32f10x_pwr.o
LOAD obj\debug\spl\src\stm32f10x_rcc.o
LOAD obj\debug\spl\src\stm32f10x_rtc.o
LOAD obj\debug\spl\src\stm32f10x_sdio.o
LOAD obj\debug\spl\src\stm32f10x_spi.o
LOAD obj\debug\spl\src\stm32f10x_tim.o
LOAD obj\debug\spl\src\stm32f10x_usart.o
LOAD obj\debug\spl\src\stm32f10x_wwdg.o
LOAD obj\debug\src\main.o
LOAD obj\debug\src\startup_stm32f10x_md.o
LOAD obj\debug\src\system_stm32f10x.o
START GROUP
LOAD c:/program files (x86)/embitz/1.11/share/em_armgcc/bin/../lib/gcc/arm-none-eabi/5.4.1/armv7-m\libgcc.a
LOAD c:/program files (x86)/embitz/1.11/share/em_armgcc/bin/../lib/gcc/arm-none-eabi/5.4.1/../../../../arm-none-eabi/lib/armv7-m\libg_n.a
LOAD c:/program files (x86)/embitz/1.11/share/em_armgcc/bin/../lib/gcc/arm-none-eabi/5.4.1/../../../../arm-none-eabi/lib/armv7-m\libc_n.a
END GROUP
START GROUP
LOAD c:/program files (x86)/embitz/1.11/share/em_armgcc/bin/../lib/gcc/arm-none-eabi/5.4.1/armv7-m\libgcc.a
LOAD c:/program files (x86)/embitz/1.11/share/em_armgcc/bin/../lib/gcc/arm-none-eabi/5.4.1/../../../../arm-none-eabi/lib/armv7-m\libc_n.a
LOAD c:/program files (x86)/embitz/1.11/share/em_armgcc/bin/../lib/gcc/arm-none-eabi/5.4.1/../../../../arm-none-eabi/lib/armv7-m\libnosys_s.a
END GROUP
LOAD c:/program files (x86)/embitz/1.11/share/em_armgcc/bin/../lib/gcc/arm-none-eabi/5.4.1/armv7-m/crtend.o
LOAD c:/program files (x86)/embitz/1.11/share/em_armgcc/bin/../lib/gcc/arm-none-eabi/5.4.1/armv7-m/crtn.o
OUTPUT(bin\Debug\SRF_05.elf elf32-littlearm)

.ARM.attributes
                0x00000000       0x29
 .ARM.attributes
                0x00000000       0x1d c:/program files (x86)/embitz/1.11/share/em_armgcc/bin/../lib/gcc/arm-none-eabi/5.4.1/armv7-m/crti.o
 .ARM.attributes
                0x0000001d       0x2d c:/program files (x86)/embitz/1.11/share/em_armgcc/bin/../lib/gcc/arm-none-eabi/5.4.1/armv7-m/crtbegin.o
 .ARM.attributes
                0x0000004a       0x1b c:/program files (x86)/embitz/1.11/share/em_armgcc/bin/../lib/gcc/arm-none-eabi/5.4.1/../../../../arm-none-eabi/lib/armv7-m/crt0.o
 .ARM.attributes
                0x00000065       0x33 obj\debug\spl\src\delay.o
 .ARM.attributes
                0x00000098       0x33 obj\debug\spl\src\driver_uart.o
 .ARM.attributes
                0x000000cb       0x33 obj\debug\spl\src\stm32f10x_gpio.o
 .ARM.attributes
                0x000000fe       0x33 obj\debug\spl\src\stm32f10x_rcc.o
 .ARM.attributes
                0x00000131       0x33 obj\debug\spl\src\stm32f10x_usart.o
 .ARM.attributes
                0x00000164       0x33 obj\debug\src\main.o
 .ARM.attributes
                0x00000197       0x1b obj\debug\src\startup_stm32f10x_md.o
 .ARM.attributes
                0x000001b2       0x33 obj\debug\src\system_stm32f10x.o
 .ARM.attributes
                0x000001e5       0x1d c:/program files (x86)/embitz/1.11/share/em_armgcc/bin/../lib/gcc/arm-none-eabi/5.4.1/armv7-m\libgcc.a(_arm_addsubdf3.o)
 .ARM.attributes
                0x00000202       0x1d c:/program files (x86)/embitz/1.11/share/em_armgcc/bin/../lib/gcc/arm-none-eabi/5.4.1/armv7-m\libgcc.a(_arm_addsubsf3.o)
 .ARM.attributes
                0x0000021f       0x1d c:/program files (x86)/embitz/1.11/share/em_armgcc/bin/../lib/gcc/arm-none-eabi/5.4.1/armv7-m\libgcc.a(_arm_muldivsf3.o)
 .ARM.attributes
                0x0000023c       0x2d c:/program files (x86)/embitz/1.11/share/em_armgcc/bin/../lib/gcc/arm-none-eabi/5.4.1/../../../../arm-none-eabi/lib/armv7-m\libg_n.a(lib_a-exit.o)
 .ARM.attributes
                0x00000269       0x2d c:/program files (x86)/embitz/1.11/share/em_armgcc/bin/../lib/gcc/arm-none-eabi/5.4.1/../../../../arm-none-eabi/lib/armv7-m\libg_n.a(lib_a-impure.o)
 .ARM.attributes
                0x00000296       0x2d c:/program files (x86)/embitz/1.11/share/em_armgcc/bin/../lib/gcc/arm-none-eabi/5.4.1/../../../../arm-none-eabi/lib/armv7-m\libg_n.a(lib_a-init.o)
 .ARM.attributes
                0x000002c3       0x2d c:/program files (x86)/embitz/1.11/share/em_armgcc/bin/../lib/gcc/arm-none-eabi/5.4.1/../../../../arm-none-eabi/lib/armv7-m\libg_n.a(lib_a-memset.o)
 .ARM.attributes
                0x000002f0       0x2d c:/program files (x86)/embitz/1.11/share/em_armgcc/bin/../lib/gcc/arm-none-eabi/5.4.1/../../../../arm-none-eabi/lib/armv7-m\libg_n.a(lib_a-nano-vfprintf_float.o)
 .ARM.attributes
                0x0000031d       0x2d c:/program files (x86)/embitz/1.11/share/em_armgcc/bin/../lib/gcc/arm-none-eabi/5.4.1/../../../../arm-none-eabi/lib/armv7-m\libg_n.a(lib_a-nano-vfprintf_i.o)
 .ARM.attributes
                0x0000034a       0x2d c:/program files (x86)/embitz/1.11/share/em_armgcc/bin/../lib/gcc/arm-none-eabi/5.4.1/../../../../arm-none-eabi/lib/armv7-m\libg_n.a(lib_a-printf.o)
 .ARM.attributes
                0x00000377       0x17 c:/program files (x86)/embitz/1.11/share/em_armgcc/bin/../lib/gcc/arm-none-eabi/5.4.1/../../../../arm-none-eabi/lib/armv7-m\libg_n.a(lib_a-strlen.o)
 .ARM.attributes
                0x0000038e       0x2d c:/program files (x86)/embitz/1.11/share/em_armgcc/bin/../lib/gcc/arm-none-eabi/5.4.1/../../../../arm-none-eabi/lib/armv7-m\libg_n.a(lib_a-dtoa.o)
 .ARM.attributes
                0x000003bb       0x2d c:/program files (x86)/embitz/1.11/share/em_armgcc/bin/../lib/gcc/arm-none-eabi/5.4.1/../../../../arm-none-eabi/lib/armv7-m\libg_n.a(lib_a-findfp.o)
 .ARM.attributes
                0x000003e8       0x2d c:/program files (x86)/embitz/1.11/share/em_armgcc/bin/../lib/gcc/arm-none-eabi/5.4.1/../../../../arm-none-eabi/lib/armv7-m\libg_n.a(lib_a-fwalk.o)
 .ARM.attributes
                0x00000415       0x2d c:/program files (x86)/embitz/1.11/share/em_armgcc/bin/../lib/gcc/arm-none-eabi/5.4.1/../../../../arm-none-eabi/lib/armv7-m\libg_n.a(lib_a-locale.o)
 .ARM.attributes
                0x00000442       0x2d c:/program files (x86)/embitz/1.11/share/em_armgcc/bin/../lib/gcc/arm-none-eabi/5.4.1/../../../../arm-none-eabi/lib/armv7-m\libg_n.a(lib_a-malloc.o)
 .ARM.attributes
                0x0000046f       0x2d c:/program files (x86)/embitz/1.11/share/em_armgcc/bin/../lib/gcc/arm-none-eabi/5.4.1/../../../../arm-none-eabi/lib/armv7-m\libg_n.a(lib_a-memchr-stub.o)
 .ARM.attributes
                0x0000049c       0x2d c:/program files (x86)/embitz/1.11/share/em_armgcc/bin/../lib/gcc/arm-none-eabi/5.4.1/../../../../arm-none-eabi/lib/armv7-m\libg_n.a(lib_a-memcpy-stub.o)
 .ARM.attributes
                0x000004c9       0x2d c:/program files (x86)/embitz/1.11/share/em_armgcc/bin/../lib/gcc/arm-none-eabi/5.4.1/../../../../arm-none-eabi/lib/armv7-m\libg_n.a(lib_a-mprec.o)
 .ARM.attributes
                0x000004f6       0x2d c:/program files (x86)/embitz/1.11/share/em_armgcc/bin/../lib/gcc/arm-none-eabi/5.4.1/../../../../arm-none-eabi/lib/armv7-m\libg_n.a(lib_a-nano-callocr.o)
 .ARM.attributes
                0x00000523       0x2d c:/program files (x86)/embitz/1.11/share/em_armgcc/bin/../lib/gcc/arm-none-eabi/5.4.1/../../../../arm-none-eabi/lib/armv7-m\libg_n.a(lib_a-nano-freer.o)
 .ARM.attributes
                0x00000550       0x2d c:/program files (x86)/embitz/1.11/share/em_armgcc/bin/../lib/gcc/arm-none-eabi/5.4.1/../../../../arm-none-eabi/lib/armv7-m\libg_n.a(lib_a-nano-mallocr.o)
 .ARM.attributes
                0x0000057d       0x2d c:/program files (x86)/embitz/1.11/share/em_armgcc/bin/../lib/gcc/arm-none-eabi/5.4.1/../../../../arm-none-eabi/lib/armv7-m\libg_n.a(lib_a-nano-vfprintf.o)
 .ARM.attributes
                0x000005aa       0x2d c:/program files (x86)/embitz/1.11/share/em_armgcc/bin/../lib/gcc/arm-none-eabi/5.4.1/../../../../arm-none-eabi/lib/armv7-m\libg_n.a(lib_a-sbrkr.o)
 .ARM.attributes
                0x000005d7       0x2d c:/program files (x86)/embitz/1.11/share/em_armgcc/bin/../lib/gcc/arm-none-eabi/5.4.1/../../../../arm-none-eabi/lib/armv7-m\libg_n.a(lib_a-stdio.o)
 .ARM.attributes
                0x00000604       0x2d c:/program files (x86)/embitz/1.11/share/em_armgcc/bin/../lib/gcc/arm-none-eabi/5.4.1/../../../../arm-none-eabi/lib/armv7-m\libg_n.a(lib_a-wbuf.o)
 .ARM.attributes
                0x00000631       0x2d c:/program files (x86)/embitz/1.11/share/em_armgcc/bin/../lib/gcc/arm-none-eabi/5.4.1/../../../../arm-none-eabi/lib/armv7-m\libg_n.a(lib_a-writer.o)
 .ARM.attributes
                0x0000065e       0x2d c:/program files (x86)/embitz/1.11/share/em_armgcc/bin/../lib/gcc/arm-none-eabi/5.4.1/../../../../arm-none-eabi/lib/armv7-m\libg_n.a(lib_a-wsetup.o)
 .ARM.attributes
                0x0000068b       0x2d c:/program files (x86)/embitz/1.11/share/em_armgcc/bin/../lib/gcc/arm-none-eabi/5.4.1/../../../../arm-none-eabi/lib/armv7-m\libg_n.a(lib_a-closer.o)
 .ARM.attributes
                0x000006b8       0x2d c:/program files (x86)/embitz/1.11/share/em_armgcc/bin/../lib/gcc/arm-none-eabi/5.4.1/../../../../arm-none-eabi/lib/armv7-m\libg_n.a(lib_a-fflush.o)
 .ARM.attributes
                0x000006e5       0x2d c:/program files (x86)/embitz/1.11/share/em_armgcc/bin/../lib/gcc/arm-none-eabi/5.4.1/../../../../arm-none-eabi/lib/armv7-m\libg_n.a(lib_a-lseekr.o)
 .ARM.attributes
                0x00000712       0x2d c:/program files (x86)/embitz/1.11/share/em_armgcc/bin/../lib/gcc/arm-none-eabi/5.4.1/../../../../arm-none-eabi/lib/armv7-m\libg_n.a(lib_a-makebuf.o)
 .ARM.attributes
                0x0000073f       0x2d c:/program files (x86)/embitz/1.11/share/em_armgcc/bin/../lib/gcc/arm-none-eabi/5.4.1/../../../../arm-none-eabi/lib/armv7-m\libg_n.a(lib_a-mlock.o)
 .ARM.attributes
                0x0000076c       0x2d c:/program files (x86)/embitz/1.11/share/em_armgcc/bin/../lib/gcc/arm-none-eabi/5.4.1/../../../../arm-none-eabi/lib/armv7-m\libg_n.a(lib_a-readr.o)
 .ARM.attributes
                0x00000799       0x2d c:/program files (x86)/embitz/1.11/share/em_armgcc/bin/../lib/gcc/arm-none-eabi/5.4.1/../../../../arm-none-eabi/lib/armv7-m\libg_n.a(lib_a-reent.o)
 .ARM.attributes
                0x000007c6       0x2d c:/program files (x86)/embitz/1.11/share/em_armgcc/bin/../lib/gcc/arm-none-eabi/5.4.1/../../../../arm-none-eabi/lib/armv7-m\libg_n.a(lib_a-fstatr.o)
 .ARM.attributes
                0x000007f3       0x2d c:/program files (x86)/embitz/1.11/share/em_armgcc/bin/../lib/gcc/arm-none-eabi/5.4.1/../../../../arm-none-eabi/lib/armv7-m\libg_n.a(lib_a-isattyr.o)
 .ARM.attributes
                0x00000820       0x1d c:/program files (x86)/embitz/1.11/share/em_armgcc/bin/../lib/gcc/arm-none-eabi/5.4.1/armv7-m\libgcc.a(_arm_muldivdf3.o)
 .ARM.attributes
                0x0000083d       0x1d c:/program files (x86)/embitz/1.11/share/em_armgcc/bin/../lib/gcc/arm-none-eabi/5.4.1/armv7-m\libgcc.a(_arm_cmpdf2.o)
 .ARM.attributes
                0x0000085a       0x1d c:/program files (x86)/embitz/1.11/share/em_armgcc/bin/../lib/gcc/arm-none-eabi/5.4.1/armv7-m\libgcc.a(_arm_unorddf2.o)
 .ARM.attributes
                0x00000877       0x1d c:/program files (x86)/embitz/1.11/share/em_armgcc/bin/../lib/gcc/arm-none-eabi/5.4.1/armv7-m\libgcc.a(_arm_fixdfsi.o)
 .ARM.attributes
                0x00000894       0x2d c:/program files (x86)/embitz/1.11/share/em_armgcc/bin/../lib/gcc/arm-none-eabi/5.4.1/../../../../arm-none-eabi/lib/armv7-m\libnosys_s.a(close.o)
 .ARM.attributes
                0x000008c1       0x2d c:/program files (x86)/embitz/1.11/share/em_armgcc/bin/../lib/gcc/arm-none-eabi/5.4.1/../../../../arm-none-eabi/lib/armv7-m\libnosys_s.a(fstat.o)
 .ARM.attributes
                0x000008ee       0x2d c:/program files (x86)/embitz/1.11/share/em_armgcc/bin/../lib/gcc/arm-none-eabi/5.4.1/../../../../arm-none-eabi/lib/armv7-m\libnosys_s.a(isatty.o)
 .ARM.attributes
                0x0000091b       0x2d c:/program files (x86)/embitz/1.11/share/em_armgcc/bin/../lib/gcc/arm-none-eabi/5.4.1/../../../../arm-none-eabi/lib/armv7-m\libnosys_s.a(lseek.o)
 .ARM.attributes
                0x00000948       0x2d c:/program files (x86)/embitz/1.11/share/em_armgcc/bin/../lib/gcc/arm-none-eabi/5.4.1/../../../../arm-none-eabi/lib/armv7-m\libnosys_s.a(read.o)
 .ARM.attributes
                0x00000975       0x2d c:/program files (x86)/embitz/1.11/share/em_armgcc/bin/../lib/gcc/arm-none-eabi/5.4.1/../../../../arm-none-eabi/lib/armv7-m\libnosys_s.a(sbrk.o)
 .ARM.attributes
                0x000009a2       0x2d c:/program files (x86)/embitz/1.11/share/em_armgcc/bin/../lib/gcc/arm-none-eabi/5.4.1/../../../../arm-none-eabi/lib/armv7-m\libnosys_s.a(_exit.o)
 .ARM.attributes
                0x000009cf       0x2d c:/program files (x86)/embitz/1.11/share/em_armgcc/bin/../lib/gcc/arm-none-eabi/5.4.1/armv7-m/crtend.o
 .ARM.attributes
                0x000009fc       0x1d c:/program files (x86)/embitz/1.11/share/em_armgcc/bin/../lib/gcc/arm-none-eabi/5.4.1/armv7-m/crtn.o

.comment        0x00000000       0x6e
 .comment       0x00000000       0x6e obj\debug\spl\src\delay.o
                                 0x6f (size before relaxing)
 .comment       0x0000006e       0x6f obj\debug\spl\src\driver_uart.o
 .comment       0x0000006e       0x6f obj\debug\spl\src\stm32f10x_gpio.o
 .comment       0x0000006e       0x6f obj\debug\spl\src\stm32f10x_rcc.o
 .comment       0x0000006e       0x6f obj\debug\spl\src\stm32f10x_usart.o
 .comment       0x0000006e       0x6f obj\debug\src\main.o
 .comment       0x0000006e       0x6f obj\debug\src\system_stm32f10x.o

.debug_info     0x00000000     0x2ac2
 .debug_info    0x00000000      0x20e obj\debug\spl\src\delay.o
 .debug_info    0x0000020e      0x767 obj\debug\spl\src\driver_uart.o
 .debug_info    0x00000975      0x6fe obj\debug\spl\src\stm32f10x_gpio.o
 .debug_info    0x00001073      0x8ab obj\debug\spl\src\stm32f10x_rcc.o
 .debug_info    0x0000191e      0x9f8 obj\debug\spl\src\stm32f10x_usart.o
 .debug_info    0x00002316      0x2bb obj\debug\src\main.o
 .debug_info    0x000025d1       0x4d obj\debug\src\startup_stm32f10x_md.o
 .debug_info    0x0000261e      0x4a4 obj\debug\src\system_stm32f10x.o

.debug_abbrev   0x00000000      0xae5
 .debug_abbrev  0x00000000      0x120 obj\debug\spl\src\delay.o
 .debug_abbrev  0x00000120      0x219 obj\debug\spl\src\driver_uart.o
 .debug_abbrev  0x00000339      0x1d1 obj\debug\spl\src\stm32f10x_gpio.o
 .debug_abbrev  0x0000050a      0x1c1 obj\debug\spl\src\stm32f10x_rcc.o
 .debug_abbrev  0x000006cb      0x169 obj\debug\spl\src\stm32f10x_usart.o
 .debug_abbrev  0x00000834      0x14a obj\debug\src\main.o
 .debug_abbrev  0x0000097e       0x14 obj\debug\src\startup_stm32f10x_md.o
 .debug_abbrev  0x00000992      0x153 obj\debug\src\system_stm32f10x.o

.debug_aranges  0x00000000      0x3f0
 .debug_aranges
                0x00000000       0x60 obj\debug\spl\src\delay.o
 .debug_aranges
                0x00000060       0x48 obj\debug\spl\src\driver_uart.o
 .debug_aranges
                0x000000a8       0xa8 obj\debug\spl\src\stm32f10x_gpio.o
 .debug_aranges
                0x00000150      0x118 obj\debug\spl\src\stm32f10x_rcc.o
 .debug_aranges
                0x00000268      0x100 obj\debug\spl\src\stm32f10x_usart.o
 .debug_aranges
                0x00000368       0x30 obj\debug\src\main.o
 .debug_aranges
                0x00000398       0x20 obj\debug\src\startup_stm32f10x_md.o
 .debug_aranges
                0x000003b8       0x38 obj\debug\src\system_stm32f10x.o

.debug_ranges   0x00000000      0x360
 .debug_ranges  0x00000000       0x50 obj\debug\spl\src\delay.o
 .debug_ranges  0x00000050       0x38 obj\debug\spl\src\driver_uart.o
 .debug_ranges  0x00000088       0x98 obj\debug\spl\src\stm32f10x_gpio.o
 .debug_ranges  0x00000120      0x108 obj\debug\spl\src\stm32f10x_rcc.o
 .debug_ranges  0x00000228       0xf0 obj\debug\spl\src\stm32f10x_usart.o
 .debug_ranges  0x00000318       0x20 obj\debug\src\main.o
 .debug_ranges  0x00000338       0x28 obj\debug\src\system_stm32f10x.o

.debug_macro    0x00000000     0xdb77
 .debug_macro   0x00000000      0x19e obj\debug\spl\src\delay.o
 .debug_macro   0x0000019e      0x886 obj\debug\spl\src\delay.o
 .debug_macro   0x00000a24       0x5d obj\debug\spl\src\delay.o
 .debug_macro   0x00000a81       0x3a obj\debug\spl\src\delay.o
 .debug_macro   0x00000abb       0x22 obj\debug\spl\src\delay.o
 .debug_macro   0x00000add       0x87 obj\debug\spl\src\delay.o
 .debug_macro   0x00000b64       0x44 obj\debug\spl\src\delay.o
 .debug_macro   0x00000ba8       0xfd obj\debug\spl\src\delay.o
 .debug_macro   0x00000ca5       0x5e obj\debug\spl\src\delay.o
 .debug_macro   0x00000d03      0x1df obj\debug\spl\src\delay.o
 .debug_macro   0x00000ee2       0x18 obj\debug\spl\src\delay.o
 .debug_macro   0x00000efa      0xa36 obj\debug\spl\src\delay.o
 .debug_macro   0x00001930     0x7eb3 obj\debug\spl\src\delay.o
 .debug_macro   0x000097e3      0x2df obj\debug\spl\src\delay.o
 .debug_macro   0x00009ac2      0x144 obj\debug\spl\src\delay.o
 .debug_macro   0x00009c06      0x3cf obj\debug\spl\src\delay.o
 .debug_macro   0x00009fd5       0xc8 obj\debug\spl\src\delay.o
 .debug_macro   0x0000a09d      0x17a obj\debug\spl\src\delay.o
 .debug_macro   0x0000a217       0xac obj\debug\spl\src\delay.o
 .debug_macro   0x0000a2c3      0x3ad obj\debug\spl\src\delay.o
 .debug_macro   0x0000a670       0x9a obj\debug\spl\src\delay.o
 .debug_macro   0x0000a70a      0x2cf obj\debug\spl\src\delay.o
 .debug_macro   0x0000a9d9      0x279 obj\debug\spl\src\delay.o
 .debug_macro   0x0000ac52      0x2ac obj\debug\spl\src\delay.o
 .debug_macro   0x0000aefe      0x2b1 obj\debug\spl\src\delay.o
 .debug_macro   0x0000b1af       0x64 obj\debug\spl\src\delay.o
 .debug_macro   0x0000b213       0x82 obj\debug\spl\src\delay.o
 .debug_macro   0x0000b295      0x3e2 obj\debug\spl\src\delay.o
 .debug_macro   0x0000b677       0x58 obj\debug\spl\src\delay.o
 .debug_macro   0x0000b6cf      0x341 obj\debug\spl\src\delay.o
 .debug_macro   0x0000ba10      0x2c4 obj\debug\spl\src\delay.o
 .debug_macro   0x0000bcd4      0x711 obj\debug\spl\src\delay.o
 .debug_macro   0x0000c3e5      0x220 obj\debug\spl\src\delay.o
 .debug_macro   0x0000c605       0x34 obj\debug\spl\src\delay.o
 .debug_macro   0x0000c639       0x8b obj\debug\spl\src\delay.o
 .debug_macro   0x0000c6c4       0x35 obj\debug\spl\src\delay.o
 .debug_macro   0x0000c6f9      0x19e obj\debug\spl\src\driver_uart.o
 .debug_macro   0x0000c897      0x1e6 obj\debug\spl\src\stm32f10x_gpio.o
 .debug_macro   0x0000ca7d      0x2a6 obj\debug\spl\src\stm32f10x_gpio.o
 .debug_macro   0x0000cd23      0x2b4 obj\debug\spl\src\stm32f10x_rcc.o
 .debug_macro   0x0000cfd7      0x3dc obj\debug\spl\src\stm32f10x_rcc.o
 .debug_macro   0x0000d3b3      0x24c obj\debug\spl\src\stm32f10x_usart.o
 .debug_macro   0x0000d5ff      0x21a obj\debug\spl\src\stm32f10x_usart.o
 .debug_macro   0x0000d819      0x1b3 obj\debug\src\main.o
 .debug_macro   0x0000d9cc       0x10 obj\debug\src\main.o
 .debug_macro   0x0000d9dc      0x19b obj\debug\src\system_stm32f10x.o

.debug_line     0x00000000     0x2775
 .debug_line    0x00000000      0x4cf obj\debug\spl\src\delay.o
 .debug_line    0x000004cf      0x4ca obj\debug\spl\src\driver_uart.o
 .debug_line    0x00000999      0x605 obj\debug\spl\src\stm32f10x_gpio.o
 .debug_line    0x00000f9e      0x701 obj\debug\spl\src\stm32f10x_rcc.o
 .debug_line    0x0000169f      0x6d3 obj\debug\spl\src\stm32f10x_usart.o
 .debug_line    0x00001d72      0x492 obj\debug\src\main.o
 .debug_line    0x00002204       0xa8 obj\debug\src\startup_stm32f10x_md.o
 .debug_line    0x000022ac      0x4c9 obj\debug\src\system_stm32f10x.o

.debug_str      0x00000000    0x5047b
 .debug_str     0x00000000    0x4e551 obj\debug\spl\src\delay.o
                              0x4e6c6 (size before relaxing)
 .debug_str     0x0004e551      0x62a obj\debug\spl\src\driver_uart.o
                              0x4ec2b (size before relaxing)
 .debug_str     0x0004eb7b      0x4a1 obj\debug\spl\src\stm32f10x_gpio.o
                              0x4ebe8 (size before relaxing)
 .debug_str     0x0004f01c      0xb49 obj\debug\spl\src\stm32f10x_rcc.o
                              0x4f1ce (size before relaxing)
 .debug_str     0x0004fb65      0x75a obj\debug\spl\src\stm32f10x_usart.o
                              0x4eef8 (size before relaxing)
 .debug_str     0x000502bf       0xb1 obj\debug\src\main.o
                              0x4e825 (size before relaxing)
 .debug_str     0x00050370      0x10b obj\debug\src\system_stm32f10x.o
                              0x4e7a9 (size before relaxing)

.debug_frame    0x00000000     0x1c18
 .debug_frame   0x00000000      0x13c obj\debug\spl\src\delay.o
 .debug_frame   0x0000013c       0xf0 obj\debug\spl\src\driver_uart.o
 .debug_frame   0x0000022c      0x2d0 obj\debug\spl\src\stm32f10x_gpio.o
 .debug_frame   0x000004fc      0x4f4 obj\debug\spl\src\stm32f10x_rcc.o
 .debug_frame   0x000009f0      0x490 obj\debug\spl\src\stm32f10x_usart.o
 .debug_frame   0x00000e80       0x78 obj\debug\src\main.o
 .debug_frame   0x00000ef8       0x98 obj\debug\src\system_stm32f10x.o
 .debug_frame   0x00000f90       0x28 c:/program files (x86)/embitz/1.11/share/em_armgcc/bin/../lib/gcc/arm-none-eabi/5.4.1/../../../../arm-none-eabi/lib/armv7-m\libg_n.a(lib_a-exit.o)
 .debug_frame   0x00000fb8       0x2c c:/program files (x86)/embitz/1.11/share/em_armgcc/bin/../lib/gcc/arm-none-eabi/5.4.1/../../../../arm-none-eabi/lib/armv7-m\libg_n.a(lib_a-init.o)
 .debug_frame   0x00000fe4       0x20 c:/program files (x86)/embitz/1.11/share/em_armgcc/bin/../lib/gcc/arm-none-eabi/5.4.1/../../../../arm-none-eabi/lib/armv7-m\libg_n.a(lib_a-memset.o)
 .debug_frame   0x00001004       0x8c c:/program files (x86)/embitz/1.11/share/em_armgcc/bin/../lib/gcc/arm-none-eabi/5.4.1/../../../../arm-none-eabi/lib/armv7-m\libg_n.a(lib_a-nano-vfprintf_float.o)
 .debug_frame   0x00001090       0x60 c:/program files (x86)/embitz/1.11/share/em_armgcc/bin/../lib/gcc/arm-none-eabi/5.4.1/../../../../arm-none-eabi/lib/armv7-m\libg_n.a(lib_a-nano-vfprintf_i.o)
 .debug_frame   0x000010f0       0x74 c:/program files (x86)/embitz/1.11/share/em_armgcc/bin/../lib/gcc/arm-none-eabi/5.4.1/../../../../arm-none-eabi/lib/armv7-m\libg_n.a(lib_a-printf.o)
 .debug_frame   0x00001164       0x6c c:/program files (x86)/embitz/1.11/share/em_armgcc/bin/../lib/gcc/arm-none-eabi/5.4.1/../../../../arm-none-eabi/lib/armv7-m\libg_n.a(lib_a-dtoa.o)
 .debug_frame   0x000011d0      0x11c c:/program files (x86)/embitz/1.11/share/em_armgcc/bin/../lib/gcc/arm-none-eabi/5.4.1/../../../../arm-none-eabi/lib/armv7-m\libg_n.a(lib_a-findfp.o)
 .debug_frame   0x000012ec       0x54 c:/program files (x86)/embitz/1.11/share/em_armgcc/bin/../lib/gcc/arm-none-eabi/5.4.1/../../../../arm-none-eabi/lib/armv7-m\libg_n.a(lib_a-fwalk.o)
 .debug_frame   0x00001340       0x98 c:/program files (x86)/embitz/1.11/share/em_armgcc/bin/../lib/gcc/arm-none-eabi/5.4.1/../../../../arm-none-eabi/lib/armv7-m\libg_n.a(lib_a-locale.o)
 .debug_frame   0x000013d8       0x30 c:/program files (x86)/embitz/1.11/share/em_armgcc/bin/../lib/gcc/arm-none-eabi/5.4.1/../../../../arm-none-eabi/lib/armv7-m\libg_n.a(lib_a-malloc.o)
 .debug_frame   0x00001408       0x28 c:/program files (x86)/embitz/1.11/share/em_armgcc/bin/../lib/gcc/arm-none-eabi/5.4.1/../../../../arm-none-eabi/lib/armv7-m\libg_n.a(lib_a-memchr-stub.o)
 .debug_frame   0x00001430       0x28 c:/program files (x86)/embitz/1.11/share/em_armgcc/bin/../lib/gcc/arm-none-eabi/5.4.1/../../../../arm-none-eabi/lib/armv7-m\libg_n.a(lib_a-memcpy-stub.o)
 .debug_frame   0x00001458      0x234 c:/program files (x86)/embitz/1.11/share/em_armgcc/bin/../lib/gcc/arm-none-eabi/5.4.1/../../../../arm-none-eabi/lib/armv7-m\libg_n.a(lib_a-mprec.o)
 .debug_frame   0x0000168c       0x2c c:/program files (x86)/embitz/1.11/share/em_armgcc/bin/../lib/gcc/arm-none-eabi/5.4.1/../../../../arm-none-eabi/lib/armv7-m\libg_n.a(lib_a-nano-callocr.o)
 .debug_frame   0x000016b8       0x38 c:/program files (x86)/embitz/1.11/share/em_armgcc/bin/../lib/gcc/arm-none-eabi/5.4.1/../../../../arm-none-eabi/lib/armv7-m\libg_n.a(lib_a-nano-freer.o)
 .debug_frame   0x000016f0       0x2c c:/program files (x86)/embitz/1.11/share/em_armgcc/bin/../lib/gcc/arm-none-eabi/5.4.1/../../../../arm-none-eabi/lib/armv7-m\libg_n.a(lib_a-nano-mallocr.o)
 .debug_frame   0x0000171c       0xac c:/program files (x86)/embitz/1.11/share/em_armgcc/bin/../lib/gcc/arm-none-eabi/5.4.1/../../../../arm-none-eabi/lib/armv7-m\libg_n.a(lib_a-nano-vfprintf.o)
 .debug_frame   0x000017c8       0x2c c:/program files (x86)/embitz/1.11/share/em_armgcc/bin/../lib/gcc/arm-none-eabi/5.4.1/../../../../arm-none-eabi/lib/armv7-m\libg_n.a(lib_a-sbrkr.o)
 .debug_frame   0x000017f4       0x88 c:/program files (x86)/embitz/1.11/share/em_armgcc/bin/../lib/gcc/arm-none-eabi/5.4.1/../../../../arm-none-eabi/lib/armv7-m\libg_n.a(lib_a-stdio.o)
 .debug_frame   0x0000187c       0x40 c:/program files (x86)/embitz/1.11/share/em_armgcc/bin/../lib/gcc/arm-none-eabi/5.4.1/../../../../arm-none-eabi/lib/armv7-m\libg_n.a(lib_a-wbuf.o)
 .debug_frame   0x000018bc       0x2c c:/program files (x86)/embitz/1.11/share/em_armgcc/bin/../lib/gcc/arm-none-eabi/5.4.1/../../../../arm-none-eabi/lib/armv7-m\libg_n.a(lib_a-writer.o)
 .debug_frame   0x000018e8       0x2c c:/program files (x86)/embitz/1.11/share/em_armgcc/bin/../lib/gcc/arm-none-eabi/5.4.1/../../../../arm-none-eabi/lib/armv7-m\libg_n.a(lib_a-wsetup.o)
 .debug_frame   0x00001914       0x2c c:/program files (x86)/embitz/1.11/share/em_armgcc/bin/../lib/gcc/arm-none-eabi/5.4.1/../../../../arm-none-eabi/lib/armv7-m\libg_n.a(lib_a-closer.o)
 .debug_frame   0x00001940       0x68 c:/program files (x86)/embitz/1.11/share/em_armgcc/bin/../lib/gcc/arm-none-eabi/5.4.1/../../../../arm-none-eabi/lib/armv7-m\libg_n.a(lib_a-fflush.o)
 .debug_frame   0x000019a8       0x2c c:/program files (x86)/embitz/1.11/share/em_armgcc/bin/../lib/gcc/arm-none-eabi/5.4.1/../../../../arm-none-eabi/lib/armv7-m\libg_n.a(lib_a-lseekr.o)
 .debug_frame   0x000019d4       0x54 c:/program files (x86)/embitz/1.11/share/em_armgcc/bin/../lib/gcc/arm-none-eabi/5.4.1/../../../../arm-none-eabi/lib/armv7-m\libg_n.a(lib_a-makebuf.o)
 .debug_frame   0x00001a28       0x30 c:/program files (x86)/embitz/1.11/share/em_armgcc/bin/../lib/gcc/arm-none-eabi/5.4.1/../../../../arm-none-eabi/lib/armv7-m\libg_n.a(lib_a-mlock.o)
 .debug_frame   0x00001a58       0x2c c:/program files (x86)/embitz/1.11/share/em_armgcc/bin/../lib/gcc/arm-none-eabi/5.4.1/../../../../arm-none-eabi/lib/armv7-m\libg_n.a(lib_a-readr.o)
 .debug_frame   0x00001a84       0x5c c:/program files (x86)/embitz/1.11/share/em_armgcc/bin/../lib/gcc/arm-none-eabi/5.4.1/../../../../arm-none-eabi/lib/armv7-m\libg_n.a(lib_a-reent.o)
 .debug_frame   0x00001ae0       0x2c c:/program files (x86)/embitz/1.11/share/em_armgcc/bin/../lib/gcc/arm-none-eabi/5.4.1/../../../../arm-none-eabi/lib/armv7-m\libg_n.a(lib_a-fstatr.o)
 .debug_frame   0x00001b0c       0x2c c:/program files (x86)/embitz/1.11/share/em_armgcc/bin/../lib/gcc/arm-none-eabi/5.4.1/../../../../arm-none-eabi/lib/armv7-m\libg_n.a(lib_a-isattyr.o)
 .debug_frame   0x00001b38       0x20 c:/program files (x86)/embitz/1.11/share/em_armgcc/bin/../lib/gcc/arm-none-eabi/5.4.1/../../../../arm-none-eabi/lib/armv7-m\libnosys_s.a(close.o)
 .debug_frame   0x00001b58       0x20 c:/program files (x86)/embitz/1.11/share/em_armgcc/bin/../lib/gcc/arm-none-eabi/5.4.1/../../../../arm-none-eabi/lib/armv7-m\libnosys_s.a(fstat.o)
 .debug_frame   0x00001b78       0x20 c:/program files (x86)/embitz/1.11/share/em_armgcc/bin/../lib/gcc/arm-none-eabi/5.4.1/../../../../arm-none-eabi/lib/armv7-m\libnosys_s.a(isatty.o)
 .debug_frame   0x00001b98       0x20 c:/program files (x86)/embitz/1.11/share/em_armgcc/bin/../lib/gcc/arm-none-eabi/5.4.1/../../../../arm-none-eabi/lib/armv7-m\libnosys_s.a(lseek.o)
 .debug_frame   0x00001bb8       0x20 c:/program files (x86)/embitz/1.11/share/em_armgcc/bin/../lib/gcc/arm-none-eabi/5.4.1/../../../../arm-none-eabi/lib/armv7-m\libnosys_s.a(read.o)
 .debug_frame   0x00001bd8       0x20 c:/program files (x86)/embitz/1.11/share/em_armgcc/bin/../lib/gcc/arm-none-eabi/5.4.1/../../../../arm-none-eabi/lib/armv7-m\libnosys_s.a(sbrk.o)
 .debug_frame   0x00001bf8       0x20 c:/program files (x86)/embitz/1.11/share/em_armgcc/bin/../lib/gcc/arm-none-eabi/5.4.1/../../../../arm-none-eabi/lib/armv7-m\libnosys_s.a(_exit.o)

.stab           0x00000000       0x84
 .stab          0x00000000       0x24 c:/program files (x86)/embitz/1.11/share/em_armgcc/bin/../lib/gcc/arm-none-eabi/5.4.1/../../../../arm-none-eabi/lib/armv7-m\libnosys_s.a(close.o)
 .stab          0x00000024       0x18 c:/program files (x86)/embitz/1.11/share/em_armgcc/bin/../lib/gcc/arm-none-eabi/5.4.1/../../../../arm-none-eabi/lib/armv7-m\libnosys_s.a(fstat.o)
                                 0x24 (size before relaxing)
 .stab          0x0000003c       0x18 c:/program files (x86)/embitz/1.11/share/em_armgcc/bin/../lib/gcc/arm-none-eabi/5.4.1/../../../../arm-none-eabi/lib/armv7-m\libnosys_s.a(isatty.o)
                                 0x24 (size before relaxing)
 .stab          0x00000054       0x18 c:/program files (x86)/embitz/1.11/share/em_armgcc/bin/../lib/gcc/arm-none-eabi/5.4.1/../../../../arm-none-eabi/lib/armv7-m\libnosys_s.a(lseek.o)
                                 0x24 (size before relaxing)
 .stab          0x0000006c       0x18 c:/program files (x86)/embitz/1.11/share/em_armgcc/bin/../lib/gcc/arm-none-eabi/5.4.1/../../../../arm-none-eabi/lib/armv7-m\libnosys_s.a(read.o)
                                 0x24 (size before relaxing)

.stabstr        0x00000000      0x117
 .stabstr       0x00000000      0x117 c:/program files (x86)/embitz/1.11/share/em_armgcc/bin/../lib/gcc/arm-none-eabi/5.4.1/../../../../arm-none-eabi/lib/armv7-m\libnosys_s.a(close.o)
